


			============================
			|                          |
			|      MAP INFORMATION     |
			|                          |
			============================



			============================
			|                          |
			|         SEGMENTS         |
			|                          |
			============================



			Segment No. 1	Type: text
			=============

        start: 0x0000         size: 0x4974         finish: 0x4974

			Segment No. 2	Type: data
			=============

        start: 0x8000         size: 0x0018         finish: 0x8018

			Segment No. 3	Type: bss
			=============

        start: 0x8018         size: 0x0232         finish: 0x824A

			Segment No. 4	Type: stack
			=============

        start: 0x8018         size: 0x0000         finish: 0x8018




			============================
			|                          |
			|         MODULES          |
			|                          |
			============================



MODULE: Crtsrom.o
		TEXT  at 0x0000 size: 0x0069 
		DATA  at 0x8000 size: 0x0001 
		BSS   at 0x8018 size: 0x0000 

MODULE: z80aio.o
		TEXT  at 0x0069 size: 0x00AA 
		DATA  at 0x8001 size: 0x0000 
		BSS   at 0x8018 size: 0x0000 

MODULE: z80cio.o
		TEXT  at 0x0113 size: 0x0291 
		DATA  at 0x8001 size: 0x0000 
		BSS   at 0x8018 size: 0x0000 

MODULE: z80boot.o
		TEXT  at 0x03A4 size: 0x270A 
		DATA  at 0x8001 size: 0x0000 
		BSS   at 0x8018 size: 0x0232 

MODULE: printf.o(/opt/wsl/lib/z80/libi.z80)
		TEXT  at 0x2AAE size: 0x006B 
		DATA  at 0x8001 size: 0x0000 
		BSS   at 0x824A size: 0x0000 

MODULE: sscanf.o(/opt/wsl/lib/z80/libi.z80)
		TEXT  at 0x2B19 size: 0x001E 
		DATA  at 0x8001 size: 0x0000 
		BSS   at 0x824A size: 0x0000 

MODULE: memcpy.o(/opt/wsl/lib/z80/libi.z80)
		TEXT  at 0x2B37 size: 0x0018 
		DATA  at 0x8001 size: 0x0000 
		BSS   at 0x824A size: 0x0000 

MODULE: cprint.o(/opt/wsl/lib/z80/libi.z80)
		TEXT  at 0x2B4F size: 0x0A80 
		DATA  at 0x8001 size: 0x0000 
		BSS   at 0x824A size: 0x0000 

MODULE: cscan.o(/opt/wsl/lib/z80/libi.z80)
		TEXT  at 0x35CF size: 0x09FC 
		DATA  at 0x8001 size: 0x0003 
		BSS   at 0x824A size: 0x0000 

MODULE: itob.o(/opt/wsl/lib/z80/libi.z80)
		TEXT  at 0x3FCB size: 0x02B1 
		DATA  at 0x8004 size: 0x0000 
		BSS   at 0x824A size: 0x0000 

MODULE: isdig.o(/opt/wsl/lib/z80/libi.z80)
		TEXT  at 0x427C size: 0x000C 
		DATA  at 0x8004 size: 0x0000 
		BSS   at 0x824A size: 0x0000 

MODULE: isspac.o(/opt/wsl/lib/z80/libi.z80)
		TEXT  at 0x4288 size: 0x0010 
		DATA  at 0x8004 size: 0x0000 
		BSS   at 0x824A size: 0x0000 

MODULE: memchr.o(/opt/wsl/lib/z80/libi.z80)
		TEXT  at 0x4298 size: 0x0015 
		DATA  at 0x8004 size: 0x0000 
		BSS   at 0x824A size: 0x0000 

MODULE: strchr.o(/opt/wsl/lib/z80/libi.z80)
		TEXT  at 0x42AD size: 0x0013 
		DATA  at 0x8004 size: 0x0000 
		BSS   at 0x824A size: 0x0000 

MODULE: strlen.o(/opt/wsl/lib/z80/libi.z80)
		TEXT  at 0x42C0 size: 0x000B 
		DATA  at 0x8004 size: 0x0000 
		BSS   at 0x824A size: 0x0000 

MODULE: toupper.o(/opt/wsl/lib/z80/libi.z80)
		TEXT  at 0x42CB size: 0x000D 
		DATA  at 0x8004 size: 0x0000 
		BSS   at 0x824A size: 0x0000 

MODULE: fmvl.o(/opt/wsl/lib/z80/libm.z80)
		TEXT  at 0x42D8 size: 0x001B 
		DATA  at 0x8004 size: 0x0000 
		BSS   at 0x824A size: 0x0000 

MODULE: ibc.o(/opt/wsl/lib/z80/libm.z80)
		TEXT  at 0x42F3 size: 0x0002 
		DATA  at 0x8004 size: 0x0000 
		BSS   at 0x824A size: 0x0000 

MODULE: idiv.o(/opt/wsl/lib/z80/libm.z80)
		TEXT  at 0x42F5 size: 0x009E 
		DATA  at 0x8004 size: 0x0000 
		BSS   at 0x824A size: 0x0000 

MODULE: ilsh.o(/opt/wsl/lib/z80/libm.z80)
		TEXT  at 0x4393 size: 0x006F 
		DATA  at 0x8004 size: 0x0000 
		BSS   at 0x824A size: 0x0000 

MODULE: imulz80.o(/opt/wsl/lib/z80/libm.z80)
		TEXT  at 0x4402 size: 0x002F 
		DATA  at 0x8004 size: 0x0000 
		BSS   at 0x824A size: 0x0000 

MODULE: jtab.o(/opt/wsl/lib/z80/libm.z80)
		TEXT  at 0x4431 size: 0x00DB 
		DATA  at 0x8004 size: 0x0000 
		BSS   at 0x824A size: 0x0000 

MODULE: ladd.o(/opt/wsl/lib/z80/libm.z80)
		TEXT  at 0x450C size: 0x002B 
		DATA  at 0x8004 size: 0x0000 
		BSS   at 0x824A size: 0x0000 

MODULE: land.o(/opt/wsl/lib/z80/libm.z80)
		TEXT  at 0x4537 size: 0x0023 
		DATA  at 0x8004 size: 0x0000 
		BSS   at 0x824A size: 0x0000 

MODULE: lclt.o(/opt/wsl/lib/z80/libm.z80)
		TEXT  at 0x455A size: 0x0029 
		DATA  at 0x8004 size: 0x0000 
		BSS   at 0x824A size: 0x0000 

MODULE: lcmp.o(/opt/wsl/lib/z80/libm.z80)
		TEXT  at 0x4583 size: 0x002A 
		DATA  at 0x8004 size: 0x0000 
		BSS   at 0x824A size: 0x0000 

MODULE: ldiv.o(/opt/wsl/lib/z80/libm.z80)
		TEXT  at 0x45AD size: 0x0195 
		DATA  at 0x8004 size: 0x0000 
		BSS   at 0x824A size: 0x0000 

MODULE: llsh.o(/opt/wsl/lib/z80/libm.z80)
		TEXT  at 0x4742 size: 0x008C 
		DATA  at 0x8004 size: 0x0000 
		BSS   at 0x824A size: 0x0000 

MODULE: lmulz80.o(/opt/wsl/lib/z80/libm.z80)
		TEXT  at 0x47CE size: 0x0096 
		DATA  at 0x8004 size: 0x0000 
		BSS   at 0x824A size: 0x0000 

MODULE: lneg.o(/opt/wsl/lib/z80/libm.z80)
		TEXT  at 0x4864 size: 0x0021 
		DATA  at 0x8004 size: 0x0000 
		BSS   at 0x824A size: 0x0000 

MODULE: lsub.o(/opt/wsl/lib/z80/libm.z80)
		TEXT  at 0x4885 size: 0x002C 
		DATA  at 0x8004 size: 0x0000 
		BSS   at 0x824A size: 0x0000 

MODULE: mvl.o(/opt/wsl/lib/z80/libm.z80)
		TEXT  at 0x48B1 size: 0x001C 
		DATA  at 0x8004 size: 0x0000 
		BSS   at 0x824A size: 0x0000 

MODULE: sav.o(/opt/wsl/lib/z80/libm.z80)
		TEXT  at 0x48CD size: 0x002C 
		DATA  at 0x8004 size: 0x0000 
		BSS   at 0x824A size: 0x0000 

MODULE: savs.o(/opt/wsl/lib/z80/libm.z80)
		TEXT  at 0x48F9 size: 0x0015 
		DATA  at 0x8004 size: 0x0000 
		BSS   at 0x824A size: 0x0000 

MODULE: savs0.o(/opt/wsl/lib/z80/libm.z80)
		TEXT  at 0x490E size: 0x000F 
		DATA  at 0x8004 size: 0x0000 
		BSS   at 0x824A size: 0x0000 

MODULE: toram.o(/opt/wsl/lib/z80/libm.z80)
		TEXT  at 0x491D size: 0x0030 
		DATA  at 0x8004 size: 0x0000 
		BSS   at 0x824A size: 0x0000 

MODULE: cregs.o(/opt/wsl/lib/z80/libm.z80)
		TEXT  at 0x494D size: 0x0000 
		DATA  at 0x8004 size: 0x0014 
		BSS   at 0x824A size: 0x0000 

MODULE: zret.o(/opt/wsl/lib/z80/libm.z80)
		TEXT  at 0x494D size: 0x0027 
		DATA  at 0x8018 size: 0x0000 
		BSS   at 0x824A size: 0x0000 




			============================
			|                          |
			|          SYMBOLS         |
			|                          |
			============================



_in PUBLIC  at 0x00FC in text section  of Segment No. 1
	defined in:    z80aio.o
	referenced in: z80cio.o
_out PUBLIC  at 0x0105 in text section  of Segment No. 1
	defined in:    z80aio.o
	referenced in: z80cio.o
c.r0 PUBLIC  at 0x8004 in data section  of Segment No. 2
	defined in:    cregs.o(/opt/wsl/lib/z80/libm.z80)
	referenced in: fmvl.o(/opt/wsl/lib/z80/libm.z80) itob.o(/opt/wsl/lib/z80/libi.z80) cscan.o(/opt/wsl/lib/z80/libi.z80)
	              z80boot.o
c.r1 PUBLIC  at 0x800C in data section  of Segment No. 2
	defined in:    cregs.o(/opt/wsl/lib/z80/libm.z80)
	referenced in: fmvl.o(/opt/wsl/lib/z80/libm.z80) itob.o(/opt/wsl/lib/z80/libi.z80) cscan.o(/opt/wsl/lib/z80/libi.z80)
	              z80boot.o
c.r2 PUBLIC  at 0x8014 in data section  of Segment No. 2
	defined in:    cregs.o(/opt/wsl/lib/z80/libm.z80)
	referenced in: sav.o(/opt/wsl/lib/z80/libm.z80) itob.o(/opt/wsl/lib/z80/libi.z80) cprint.o(/opt/wsl/lib/z80/libi.z80)
	              printf.o(/opt/wsl/lib/z80/libi.z80)
c.r3 PUBLIC  at 0x8016 in data section  of Segment No. 2
	defined in:    cregs.o(/opt/wsl/lib/z80/libm.z80)
	referenced in: sav.o(/opt/wsl/lib/z80/libm.z80) cprint.o(/opt/wsl/lib/z80/libi.z80)
__bss PUBLIC  at 0x8018 in bss  section  of Segment No. 3
	defined in:    Crtsrom.o
_cmd0 PUBLIC  at 0x03BB in text section  of Segment No. 1
	defined in:    z80boot.o
_cmd8 PUBLIC  at 0x03C1 in text section  of Segment No. 1
	defined in:    z80boot.o
_cmd9 PUBLIC  at 0x03C7 in text section  of Segment No. 1
	defined in:    z80boot.o
_exit PUBLIC  at 0x0028 in text section  of Segment No. 1
	defined in:    Crtsrom.o
_main PUBLIC  at 0x28B5 in text section  of Segment No. 1
	defined in:    z80boot.o
	referenced in: Crtsrom.o
c.ibc PUBLIC  at 0x42F3 in text section  of Segment No. 1
	defined in:    ibc.o(/opt/wsl/lib/z80/libm.z80)
	referenced in: cprint.o(/opt/wsl/lib/z80/libi.z80)
c.ihl PUBLIC  at 0x4906 in text section  of Segment No. 1
	defined in:    savs.o(/opt/wsl/lib/z80/libm.z80)
c.mvl PUBLIC  at 0x48B1 in text section  of Segment No. 1
	defined in:    mvl.o(/opt/wsl/lib/z80/libm.z80)
	referenced in: itob.o(/opt/wsl/lib/z80/libi.z80) cscan.o(/opt/wsl/lib/z80/libi.z80) z80boot.o
c.ret PUBLIC  at 0x48E4 in text section  of Segment No. 1
	defined in:    sav.o(/opt/wsl/lib/z80/libm.z80)
	referenced in: itob.o(/opt/wsl/lib/z80/libi.z80) cscan.o(/opt/wsl/lib/z80/libi.z80) cprint.o(/opt/wsl/lib/z80/libi.z80)
	              printf.o(/opt/wsl/lib/z80/libi.z80)
c.sav PUBLIC  at 0x48CD in text section  of Segment No. 1
	defined in:    sav.o(/opt/wsl/lib/z80/libm.z80)
	referenced in: itob.o(/opt/wsl/lib/z80/libi.z80) cscan.o(/opt/wsl/lib/z80/libi.z80) cprint.o(/opt/wsl/lib/z80/libi.z80)
	              printf.o(/opt/wsl/lib/z80/libi.z80)
__data PUBLIC  at 0x8000 in data section  of Segment No. 2
	defined in:    Crtsrom.o
__itob PUBLIC  at 0x3FF0 in text section  of Segment No. 1
	defined in:    itob.o(/opt/wsl/lib/z80/libi.z80)
	referenced in: cprint.o(/opt/wsl/lib/z80/libi.z80)
__ltob PUBLIC  at 0x410D in text section  of Segment No. 1
	defined in:    itob.o(/opt/wsl/lib/z80/libi.z80)
	referenced in: cprint.o(/opt/wsl/lib/z80/libi.z80)
__scan PUBLIC  at 0x3671 in text section  of Segment No. 1
	defined in:    cscan.o(/opt/wsl/lib/z80/libi.z80)
	referenced in: sscanf.o(/opt/wsl/lib/z80/libi.z80)
__text PUBLIC  at 0x0000 in text section  of Segment No. 1
	defined in:    Crtsrom.o
_cmd10 PUBLIC  at 0x03CD in text section  of Segment No. 1
	defined in:    z80boot.o
_cmd16 PUBLIC  at 0x03D3 in text section  of Segment No. 1
	defined in:    z80boot.o
_cmd17 PUBLIC  at 0x03D9 in text section  of Segment No. 1
	defined in:    z80boot.o
_cmd24 PUBLIC  at 0x03DF in text section  of Segment No. 1
	defined in:    z80boot.o
_cmd55 PUBLIC  at 0x03E5 in text section  of Segment No. 1
	defined in:    z80boot.o
_cmd58 PUBLIC  at 0x03EB in text section  of Segment No. 1
	defined in:    z80boot.o
_ledon PUBLIC  at 0x038C in text section  of Segment No. 1
	defined in:    z80cio.o
	referenced in: z80boot.o
_spiio PUBLIC  at 0x00CD in text section  of Segment No. 1
	defined in:    z80aio.o
	referenced in: z80boot.o
c.0mvf PUBLIC  at 0x42E5 in text section  of Segment No. 1
	defined in:    fmvl.o(/opt/wsl/lib/z80/libm.z80)
	referenced in: itob.o(/opt/wsl/lib/z80/libi.z80) cscan.o(/opt/wsl/lib/z80/libi.z80) z80boot.o
c.1mvf PUBLIC  at 0x42D8 in text section  of Segment No. 1
	defined in:    fmvl.o(/opt/wsl/lib/z80/libm.z80)
c.fmvl PUBLIC  at 0x42DF in text section  of Segment No. 1
	defined in:    fmvl.o(/opt/wsl/lib/z80/libm.z80)
c.idiv PUBLIC  at 0x42F5 in text section  of Segment No. 1
	defined in:    idiv.o(/opt/wsl/lib/z80/libm.z80)
c.ilsh PUBLIC  at 0x4393 in text section  of Segment No. 1
	defined in:    ilsh.o(/opt/wsl/lib/z80/libm.z80)
	referenced in: z80boot.o
c.imod PUBLIC  at 0x431B in text section  of Segment No. 1
	defined in:    idiv.o(/opt/wsl/lib/z80/libm.z80)
c.imul PUBLIC  at 0x4402 in text section  of Segment No. 1
	defined in:    imulz80.o(/opt/wsl/lib/z80/libm.z80)
	referenced in: z80boot.o
c.irsh PUBLIC  at 0x43B3 in text section  of Segment No. 1
	defined in:    ilsh.o(/opt/wsl/lib/z80/libm.z80)
	referenced in: z80boot.o
c.jtab PUBLIC  at 0x4431 in text section  of Segment No. 1
	defined in:    jtab.o(/opt/wsl/lib/z80/libm.z80)
	referenced in: cprint.o(/opt/wsl/lib/z80/libi.z80) z80boot.o
c.ladd PUBLIC  at 0x450C in text section  of Segment No. 1
	defined in:    ladd.o(/opt/wsl/lib/z80/libm.z80)
	referenced in: cscan.o(/opt/wsl/lib/z80/libi.z80) z80boot.o
c.land PUBLIC  at 0x4537 in text section  of Segment No. 1
	defined in:    land.o(/opt/wsl/lib/z80/libm.z80)
	referenced in: cscan.o(/opt/wsl/lib/z80/libi.z80)
c.lclt PUBLIC  at 0x455A in text section  of Segment No. 1
	defined in:    lclt.o(/opt/wsl/lib/z80/libm.z80)
	referenced in: cscan.o(/opt/wsl/lib/z80/libi.z80)
c.lcmp PUBLIC  at 0x4583 in text section  of Segment No. 1
	defined in:    lcmp.o(/opt/wsl/lib/z80/libm.z80)
	referenced in: cscan.o(/opt/wsl/lib/z80/libi.z80) z80boot.o
c.ldiv PUBLIC  at 0x45AD in text section  of Segment No. 1
	defined in:    ldiv.o(/opt/wsl/lib/z80/libm.z80)
c.llsh PUBLIC  at 0x4742 in text section  of Segment No. 1
	defined in:    llsh.o(/opt/wsl/lib/z80/libm.z80)
	referenced in: z80boot.o
c.lmod PUBLIC  at 0x45E6 in text section  of Segment No. 1
	defined in:    ldiv.o(/opt/wsl/lib/z80/libm.z80)
c.lmul PUBLIC  at 0x47CE in text section  of Segment No. 1
	defined in:    lmulz80.o(/opt/wsl/lib/z80/libm.z80)
	referenced in: cscan.o(/opt/wsl/lib/z80/libi.z80) z80boot.o
c.lneg PUBLIC  at 0x4864 in text section  of Segment No. 1
	defined in:    lneg.o(/opt/wsl/lib/z80/libm.z80)
	referenced in: itob.o(/opt/wsl/lib/z80/libi.z80) cscan.o(/opt/wsl/lib/z80/libi.z80)
c.lret PUBLIC  at 0x494D in text section  of Segment No. 1
	defined in:    zret.o(/opt/wsl/lib/z80/libm.z80)
	referenced in: mvl.o(/opt/wsl/lib/z80/libm.z80) lsub.o(/opt/wsl/lib/z80/libm.z80) lmulz80.o(/opt/wsl/lib/z80/libm.z80)
	              llsh.o(/opt/wsl/lib/z80/libm.z80) ldiv.o(/opt/wsl/lib/z80/libm.z80) land.o(/opt/wsl/lib/z80/libm.z80)
	              ladd.o(/opt/wsl/lib/z80/libm.z80) imulz80.o(/opt/wsl/lib/z80/libm.z80) ilsh.o(/opt/wsl/lib/z80/libm.z80)
	              idiv.o(/opt/wsl/lib/z80/libm.z80)
c.lrsh PUBLIC  at 0x4770 in text section  of Segment No. 1
	defined in:    llsh.o(/opt/wsl/lib/z80/libm.z80)
c.lsub PUBLIC  at 0x4885 in text section  of Segment No. 1
	defined in:    lsub.o(/opt/wsl/lib/z80/libm.z80)
	referenced in: z80boot.o
c.rets PUBLIC  at 0x4907 in text section  of Segment No. 1
	defined in:    savs.o(/opt/wsl/lib/z80/libm.z80)
	referenced in: cscan.o(/opt/wsl/lib/z80/libi.z80) cprint.o(/opt/wsl/lib/z80/libi.z80) sscanf.o(/opt/wsl/lib/z80/libi.z80)
	              printf.o(/opt/wsl/lib/z80/libi.z80) z80boot.o z80cio.o
	              z80aio.o
c.savs PUBLIC  at 0x48F9 in text section  of Segment No. 1
	defined in:    savs.o(/opt/wsl/lib/z80/libm.z80)
	referenced in: cscan.o(/opt/wsl/lib/z80/libi.z80) cprint.o(/opt/wsl/lib/z80/libi.z80) sscanf.o(/opt/wsl/lib/z80/libi.z80)
	              printf.o(/opt/wsl/lib/z80/libi.z80) z80boot.o z80cio.o
	              z80aio.o
c.udiv PUBLIC  at 0x4341 in text section  of Segment No. 1
	defined in:    idiv.o(/opt/wsl/lib/z80/libm.z80)
	referenced in: itob.o(/opt/wsl/lib/z80/libi.z80) z80boot.o
c.umod PUBLIC  at 0x4349 in text section  of Segment No. 1
	defined in:    idiv.o(/opt/wsl/lib/z80/libm.z80)
	referenced in: itob.o(/opt/wsl/lib/z80/libi.z80) z80boot.o
c.ursh PUBLIC  at 0x43D6 in text section  of Segment No. 1
	defined in:    ilsh.o(/opt/wsl/lib/z80/libm.z80)
	referenced in: z80boot.o
c.zret PUBLIC  at 0x495C in text section  of Segment No. 1
	defined in:    zret.o(/opt/wsl/lib/z80/libm.z80)
	referenced in: lcmp.o(/opt/wsl/lib/z80/libm.z80) lclt.o(/opt/wsl/lib/z80/libm.z80)
spinmi PUBLIC  at 0x0069 in text section  of Segment No. 1
	defined in:    z80aio.o
	referenced in: Crtsrom.o
__print PUBLIC  at 0x2DA3 in text section  of Segment No. 1
	defined in:    cprint.o(/opt/wsl/lib/z80/libi.z80)
	referenced in: printf.o(/opt/wsl/lib/z80/libi.z80)
__toram PUBLIC  at 0x491D in text section  of Segment No. 1
	defined in:    toram.o(/opt/wsl/lib/z80/libm.z80)
	referenced in: Crtsrom.o
_acmd41 PUBLIC  at 0x03F1 in text section  of Segment No. 1
	defined in:    z80boot.o
_cidreg PUBLIC  at 0x8036 in bss  section  of Segment No. 3
	defined in:    z80boot.o
_csdreg PUBLIC  at 0x8026 in bss  section  of Segment No. 3
	defined in:    z80boot.o
_hwinit PUBLIC  at 0x0136 in text section  of Segment No. 1
	defined in:    z80cio.o
	referenced in: Crtsrom.o
_ledoff PUBLIC  at 0x0398 in text section  of Segment No. 1
	defined in:    z80cio.o
	referenced in: z80boot.o
_memchr PUBLIC  at 0x4298 in text section  of Segment No. 1
	defined in:    memchr.o(/opt/wsl/lib/z80/libi.z80)
	referenced in: cscan.o(/opt/wsl/lib/z80/libi.z80)
_memcpy PUBLIC  at 0x2B37 in text section  of Segment No. 1
	defined in:    memcpy.o(/opt/wsl/lib/z80/libi.z80)
	referenced in: z80boot.o
_ocrreg PUBLIC  at 0x8046 in bss  section  of Segment No. 3
	defined in:    z80boot.o
_printf PUBLIC  at 0x2AFE in text section  of Segment No. 1
	defined in:    printf.o(/opt/wsl/lib/z80/libi.z80)
	referenced in: z80boot.o z80cio.o
_reload PUBLIC  at 0x0110 in text section  of Segment No. 1
	defined in:    z80aio.o
	referenced in: z80boot.o
_sdinit PUBLIC  at 0x0611 in text section  of Segment No. 1
	defined in:    z80boot.o
_sdread PUBLIC  at 0x1085 in text section  of Segment No. 1
	defined in:    z80boot.o
_sdver2 PUBLIC  at 0x8020 in bss  section  of Segment No. 3
	defined in:    z80boot.o
_sscanf PUBLIC  at 0x2B19 in text section  of Segment No. 1
	defined in:    sscanf.o(/opt/wsl/lib/z80/libi.z80)
	referenced in: z80boot.o
_strchr PUBLIC  at 0x42AD in text section  of Segment No. 1
	defined in:    strchr.o(/opt/wsl/lib/z80/libi.z80)
	referenced in: cscan.o(/opt/wsl/lib/z80/libi.z80) cprint.o(/opt/wsl/lib/z80/libi.z80)
_strlen PUBLIC  at 0x42C0 in text section  of Segment No. 1
	defined in:    strlen.o(/opt/wsl/lib/z80/libi.z80)
	referenced in: cprint.o(/opt/wsl/lib/z80/libi.z80)
c.rets0 PUBLIC  at 0x4918 in text section  of Segment No. 1
	defined in:    savs0.o(/opt/wsl/lib/z80/libm.z80)
	referenced in: z80boot.o z80cio.o
c.savs0 PUBLIC  at 0x490E in text section  of Segment No. 1
	defined in:    savs0.o(/opt/wsl/lib/z80/libm.z80)
	referenced in: z80boot.o z80cio.o
c.uldiv PUBLIC  at 0x4621 in text section  of Segment No. 1
	defined in:    ldiv.o(/opt/wsl/lib/z80/libm.z80)
	referenced in: itob.o(/opt/wsl/lib/z80/libi.z80) cscan.o(/opt/wsl/lib/z80/libi.z80)
c.ulmod PUBLIC  at 0x465D in text section  of Segment No. 1
	defined in:    ldiv.o(/opt/wsl/lib/z80/libm.z80)
	referenced in: itob.o(/opt/wsl/lib/z80/libi.z80)
c.ulrsh PUBLIC  at 0x479F in text section  of Segment No. 1
	defined in:    llsh.o(/opt/wsl/lib/z80/libm.z80)
	referenced in: z80boot.o
__memory PUBLIC  at 0x824A in bss  section  of Segment No. 3
	defined in:    command line
	referenced in: Crtsrom.o
_blkmult PUBLIC  at 0x801C in bss  section  of Segment No. 3
	defined in:    z80boot.o
_getchar PUBLIC  at 0x02B4 in text section  of Segment No. 1
	defined in:    z80cio.o
	referenced in: cscan.o(/opt/wsl/lib/z80/libi.z80) z80boot.o
_isdigit PUBLIC  at 0x427C in text section  of Segment No. 1
	defined in:    isdig.o(/opt/wsl/lib/z80/libi.z80)
	referenced in: cscan.o(/opt/wsl/lib/z80/libi.z80) cprint.o(/opt/wsl/lib/z80/libi.z80)
_isspace PUBLIC  at 0x4288 in text section  of Segment No. 1
	defined in:    isspac.o(/opt/wsl/lib/z80/libi.z80)
	referenced in: cscan.o(/opt/wsl/lib/z80/libi.z80)
_prtguid PUBLIC  at 0x166E in text section  of Segment No. 1
	defined in:    z80boot.o
_putchar PUBLIC  at 0x027C in text section  of Segment No. 1
	defined in:    z80cio.o
	referenced in: printf.o(/opt/wsl/lib/z80/libi.z80) z80boot.o
_sdrdbuf PUBLIC  at 0x804A in bss  section  of Segment No. 3
	defined in:    z80boot.o
_sdwrite PUBLIC  at 0x1266 in text section  of Segment No. 1
	defined in:    z80boot.o
_spiinit PUBLIC  at 0x00A2 in text section  of Segment No. 1
	defined in:    z80aio.o
_toupper PUBLIC  at 0x42CB in text section  of Segment No. 1
	defined in:    toupper.o(/opt/wsl/lib/z80/libi.z80)
	referenced in: cprint.o(/opt/wsl/lib/z80/libi.z80)
_CRC7_one PUBLIC  at 0x03F7 in text section  of Segment No. 1
	defined in:    z80boot.o
__romdata PUBLIC  at 0x4974 in text section  of Segment No. 1
	defined in:    command line
	referenced in: toram.o(/opt/wsl/lib/z80/libm.z80)
_ctc_init PUBLIC  at 0x014C in text section  of Segment No. 1
	defined in:    z80cio.o
_curblkno PUBLIC  at 0x8018 in bss  section  of Segment No. 3
	defined in:    z80boot.o
_curblkok PUBLIC  at 0x8024 in bss  section  of Segment No. 3
	defined in:    z80boot.o
_getkline PUBLIC  at 0x02C5 in text section  of Segment No. 1
	defined in:    z80cio.o
	referenced in: z80boot.o
_pio_init PUBLIC  at 0x0239 in text section  of Segment No. 1
	defined in:    z80cio.o
_sddatprt PUBLIC  at 0x1487 in text section  of Segment No. 1
	defined in:    z80boot.o
_sdgpthdr PUBLIC  at 0x1EA7 in text section  of Segment No. 1
	defined in:    z80boot.o
_sdinitok PUBLIC  at 0x8022 in bss  section  of Segment No. 3
	defined in:    z80boot.o
_sdprtreg PUBLIC  at 0x0CB4 in text section  of Segment No. 1
	defined in:    z80boot.o
_sio_init PUBLIC  at 0x018E in text section  of Segment No. 1
	defined in:    z80cio.o
_CRC16_one PUBLIC  at 0x0459 in text section  of Segment No. 1
	defined in:    z80boot.o
_builddate PUBLIC  at 0x03A4 in text section  of Segment No. 1
	defined in:    z80boot.o
_prtgptent PUBLIC  at 0x18DF in text section  of Segment No. 1
	defined in:    z80boot.o
_sdcommand PUBLIC  at 0x0507 in text section  of Segment No. 1
	defined in:    z80boot.o
_sdmbrpart PUBLIC  at 0x2590 in text section  of Segment No. 1
	defined in:    z80boot.o
_sioregini PUBLIC  at 0x0184 in text section  of Segment No. 1
	defined in:    z80cio.o
_spiselect PUBLIC  at 0x00BF in text section  of Segment No. 1
	defined in:    z80aio.o
	referenced in: z80boot.o
_sdmbrentry PUBLIC  at 0x21F2 in text section  of Segment No. 1
	defined in:    z80boot.o
_spideselect PUBLIC  at 0x00C6 in text section  of Segment No. 1
	defined in:    z80aio.o
	referenced in: z80boot.o
