


			============================
			|                          |
			|      MAP INFORMATION     |
			|                          |
			============================



			============================
			|                          |
			|         SEGMENTS         |
			|                          |
			============================



			Segment No. 1	Type: text
			=============

        start: 0x0000         size: 0x7586         finish: 0x7586

			Segment No. 2	Type: data
			=============

        start: 0x8000         size: 0x0018         finish: 0x8018

			Segment No. 3	Type: bss
			=============

        start: 0x8018         size: 0x0452         finish: 0x846A

			Segment No. 4	Type: stack
			=============

        start: 0x8018         size: 0x0000         finish: 0x8018




			============================
			|                          |
			|         MODULES          |
			|                          |
			============================



MODULE: Crtsrom.o
		TEXT  at 0x0000 size: 0x0069 
		DATA  at 0x8000 size: 0x0001 
		BSS   at 0x8018 size: 0x0000 

MODULE: z80aio.o
		TEXT  at 0x0069 size: 0x00AB 
		DATA  at 0x8001 size: 0x0000 
		BSS   at 0x8018 size: 0x0000 

MODULE: z80cio.o
		TEXT  at 0x0114 size: 0x02BB 
		DATA  at 0x8001 size: 0x0000 
		BSS   at 0x8018 size: 0x0000 

MODULE: z80sdbt.o
		TEXT  at 0x03CF size: 0x4E49 
		DATA  at 0x8001 size: 0x0000 
		BSS   at 0x8018 size: 0x0452 

MODULE: z80upload.o
		TEXT  at 0x5218 size: 0x0469 
		DATA  at 0x8001 size: 0x0000 
		BSS   at 0x846A size: 0x0000 

MODULE: memcmp.o
		TEXT  at 0x5681 size: 0x0020 
		DATA  at 0x8001 size: 0x0000 
		BSS   at 0x846A size: 0x0000 

MODULE: printf.o(/opt/wsl/lib/z80/libi.z80)
		TEXT  at 0x56A1 size: 0x006B 
		DATA  at 0x8001 size: 0x0000 
		BSS   at 0x846A size: 0x0000 

MODULE: sscanf.o(/opt/wsl/lib/z80/libi.z80)
		TEXT  at 0x570C size: 0x001E 
		DATA  at 0x8001 size: 0x0000 
		BSS   at 0x846A size: 0x0000 

MODULE: memcpy.o(/opt/wsl/lib/z80/libi.z80)
		TEXT  at 0x572A size: 0x0018 
		DATA  at 0x8001 size: 0x0000 
		BSS   at 0x846A size: 0x0000 

MODULE: memset.o(/opt/wsl/lib/z80/libi.z80)
		TEXT  at 0x5742 size: 0x001F 
		DATA  at 0x8001 size: 0x0000 
		BSS   at 0x846A size: 0x0000 

MODULE: cprint.o(/opt/wsl/lib/z80/libi.z80)
		TEXT  at 0x5761 size: 0x0A80 
		DATA  at 0x8001 size: 0x0000 
		BSS   at 0x846A size: 0x0000 

MODULE: cscan.o(/opt/wsl/lib/z80/libi.z80)
		TEXT  at 0x61E1 size: 0x09FC 
		DATA  at 0x8001 size: 0x0003 
		BSS   at 0x846A size: 0x0000 

MODULE: itob.o(/opt/wsl/lib/z80/libi.z80)
		TEXT  at 0x6BDD size: 0x02B1 
		DATA  at 0x8004 size: 0x0000 
		BSS   at 0x846A size: 0x0000 

MODULE: isdig.o(/opt/wsl/lib/z80/libi.z80)
		TEXT  at 0x6E8E size: 0x000C 
		DATA  at 0x8004 size: 0x0000 
		BSS   at 0x846A size: 0x0000 

MODULE: isspac.o(/opt/wsl/lib/z80/libi.z80)
		TEXT  at 0x6E9A size: 0x0010 
		DATA  at 0x8004 size: 0x0000 
		BSS   at 0x846A size: 0x0000 

MODULE: memchr.o(/opt/wsl/lib/z80/libi.z80)
		TEXT  at 0x6EAA size: 0x0015 
		DATA  at 0x8004 size: 0x0000 
		BSS   at 0x846A size: 0x0000 

MODULE: strchr.o(/opt/wsl/lib/z80/libi.z80)
		TEXT  at 0x6EBF size: 0x0013 
		DATA  at 0x8004 size: 0x0000 
		BSS   at 0x846A size: 0x0000 

MODULE: strlen.o(/opt/wsl/lib/z80/libi.z80)
		TEXT  at 0x6ED2 size: 0x000B 
		DATA  at 0x8004 size: 0x0000 
		BSS   at 0x846A size: 0x0000 

MODULE: toupper.o(/opt/wsl/lib/z80/libi.z80)
		TEXT  at 0x6EDD size: 0x000D 
		DATA  at 0x8004 size: 0x0000 
		BSS   at 0x846A size: 0x0000 

MODULE: fmvl.o(/opt/wsl/lib/z80/libm.z80)
		TEXT  at 0x6EEA size: 0x001B 
		DATA  at 0x8004 size: 0x0000 
		BSS   at 0x846A size: 0x0000 

MODULE: ibc.o(/opt/wsl/lib/z80/libm.z80)
		TEXT  at 0x6F05 size: 0x0002 
		DATA  at 0x8004 size: 0x0000 
		BSS   at 0x846A size: 0x0000 

MODULE: idiv.o(/opt/wsl/lib/z80/libm.z80)
		TEXT  at 0x6F07 size: 0x009E 
		DATA  at 0x8004 size: 0x0000 
		BSS   at 0x846A size: 0x0000 

MODULE: ilsh.o(/opt/wsl/lib/z80/libm.z80)
		TEXT  at 0x6FA5 size: 0x006F 
		DATA  at 0x8004 size: 0x0000 
		BSS   at 0x846A size: 0x0000 

MODULE: imulz80.o(/opt/wsl/lib/z80/libm.z80)
		TEXT  at 0x7014 size: 0x002F 
		DATA  at 0x8004 size: 0x0000 
		BSS   at 0x846A size: 0x0000 

MODULE: jtab.o(/opt/wsl/lib/z80/libm.z80)
		TEXT  at 0x7043 size: 0x00DB 
		DATA  at 0x8004 size: 0x0000 
		BSS   at 0x846A size: 0x0000 

MODULE: ladd.o(/opt/wsl/lib/z80/libm.z80)
		TEXT  at 0x711E size: 0x002B 
		DATA  at 0x8004 size: 0x0000 
		BSS   at 0x846A size: 0x0000 

MODULE: land.o(/opt/wsl/lib/z80/libm.z80)
		TEXT  at 0x7149 size: 0x0023 
		DATA  at 0x8004 size: 0x0000 
		BSS   at 0x846A size: 0x0000 

MODULE: lclt.o(/opt/wsl/lib/z80/libm.z80)
		TEXT  at 0x716C size: 0x0029 
		DATA  at 0x8004 size: 0x0000 
		BSS   at 0x846A size: 0x0000 

MODULE: lcmp.o(/opt/wsl/lib/z80/libm.z80)
		TEXT  at 0x7195 size: 0x002A 
		DATA  at 0x8004 size: 0x0000 
		BSS   at 0x846A size: 0x0000 

MODULE: ldiv.o(/opt/wsl/lib/z80/libm.z80)
		TEXT  at 0x71BF size: 0x0195 
		DATA  at 0x8004 size: 0x0000 
		BSS   at 0x846A size: 0x0000 

MODULE: llsh.o(/opt/wsl/lib/z80/libm.z80)
		TEXT  at 0x7354 size: 0x008C 
		DATA  at 0x8004 size: 0x0000 
		BSS   at 0x846A size: 0x0000 

MODULE: lmulz80.o(/opt/wsl/lib/z80/libm.z80)
		TEXT  at 0x73E0 size: 0x0096 
		DATA  at 0x8004 size: 0x0000 
		BSS   at 0x846A size: 0x0000 

MODULE: lneg.o(/opt/wsl/lib/z80/libm.z80)
		TEXT  at 0x7476 size: 0x0021 
		DATA  at 0x8004 size: 0x0000 
		BSS   at 0x846A size: 0x0000 

MODULE: lsub.o(/opt/wsl/lib/z80/libm.z80)
		TEXT  at 0x7497 size: 0x002C 
		DATA  at 0x8004 size: 0x0000 
		BSS   at 0x846A size: 0x0000 

MODULE: mvl.o(/opt/wsl/lib/z80/libm.z80)
		TEXT  at 0x74C3 size: 0x001C 
		DATA  at 0x8004 size: 0x0000 
		BSS   at 0x846A size: 0x0000 

MODULE: sav.o(/opt/wsl/lib/z80/libm.z80)
		TEXT  at 0x74DF size: 0x002C 
		DATA  at 0x8004 size: 0x0000 
		BSS   at 0x846A size: 0x0000 

MODULE: savs.o(/opt/wsl/lib/z80/libm.z80)
		TEXT  at 0x750B size: 0x0015 
		DATA  at 0x8004 size: 0x0000 
		BSS   at 0x846A size: 0x0000 

MODULE: savs0.o(/opt/wsl/lib/z80/libm.z80)
		TEXT  at 0x7520 size: 0x000F 
		DATA  at 0x8004 size: 0x0000 
		BSS   at 0x846A size: 0x0000 

MODULE: toram.o(/opt/wsl/lib/z80/libm.z80)
		TEXT  at 0x752F size: 0x0030 
		DATA  at 0x8004 size: 0x0000 
		BSS   at 0x846A size: 0x0000 

MODULE: cregs.o(/opt/wsl/lib/z80/libm.z80)
		TEXT  at 0x755F size: 0x0000 
		DATA  at 0x8004 size: 0x0014 
		BSS   at 0x846A size: 0x0000 

MODULE: zret.o(/opt/wsl/lib/z80/libm.z80)
		TEXT  at 0x755F size: 0x0027 
		DATA  at 0x8018 size: 0x0000 
		BSS   at 0x846A size: 0x0000 




			============================
			|                          |
			|          SYMBOLS         |
			|                          |
			============================



_in PUBLIC  at 0x00FC in text section  of Segment No. 1
	defined in:    z80aio.o
	referenced in: z80cio.o
_out PUBLIC  at 0x0105 in text section  of Segment No. 1
	defined in:    z80aio.o
	referenced in: z80cio.o
c.r0 PUBLIC  at 0x8004 in data section  of Segment No. 2
	defined in:    cregs.o(/opt/wsl/lib/z80/libm.z80)
	referenced in: fmvl.o(/opt/wsl/lib/z80/libm.z80) itob.o(/opt/wsl/lib/z80/libi.z80) cscan.o(/opt/wsl/lib/z80/libi.z80)
	              z80sdbt.o
c.r1 PUBLIC  at 0x800C in data section  of Segment No. 2
	defined in:    cregs.o(/opt/wsl/lib/z80/libm.z80)
	referenced in: fmvl.o(/opt/wsl/lib/z80/libm.z80) itob.o(/opt/wsl/lib/z80/libi.z80) cscan.o(/opt/wsl/lib/z80/libi.z80)
	              z80sdbt.o
c.r2 PUBLIC  at 0x8014 in data section  of Segment No. 2
	defined in:    cregs.o(/opt/wsl/lib/z80/libm.z80)
	referenced in: sav.o(/opt/wsl/lib/z80/libm.z80) itob.o(/opt/wsl/lib/z80/libi.z80) cprint.o(/opt/wsl/lib/z80/libi.z80)
	              printf.o(/opt/wsl/lib/z80/libi.z80)
c.r3 PUBLIC  at 0x8016 in data section  of Segment No. 2
	defined in:    cregs.o(/opt/wsl/lib/z80/libm.z80)
	referenced in: sav.o(/opt/wsl/lib/z80/libm.z80) cprint.o(/opt/wsl/lib/z80/libi.z80)
__bss PUBLIC  at 0x8018 in bss  section  of Segment No. 3
	defined in:    Crtsrom.o
_cmd0 PUBLIC  at 0x03E8 in text section  of Segment No. 1
	defined in:    z80sdbt.o
_cmd8 PUBLIC  at 0x03EE in text section  of Segment No. 1
	defined in:    z80sdbt.o
_cmd9 PUBLIC  at 0x03F4 in text section  of Segment No. 1
	defined in:    z80sdbt.o
_exit PUBLIC  at 0x002F in text section  of Segment No. 1
	defined in:    Crtsrom.o
_main PUBLIC  at 0x4CB8 in text section  of Segment No. 1
	defined in:    z80sdbt.o
	referenced in: Crtsrom.o
c.ibc PUBLIC  at 0x6F05 in text section  of Segment No. 1
	defined in:    ibc.o(/opt/wsl/lib/z80/libm.z80)
	referenced in: cprint.o(/opt/wsl/lib/z80/libi.z80)
c.ihl PUBLIC  at 0x7518 in text section  of Segment No. 1
	defined in:    savs.o(/opt/wsl/lib/z80/libm.z80)
c.mvl PUBLIC  at 0x74C3 in text section  of Segment No. 1
	defined in:    mvl.o(/opt/wsl/lib/z80/libm.z80)
	referenced in: itob.o(/opt/wsl/lib/z80/libi.z80) cscan.o(/opt/wsl/lib/z80/libi.z80) z80sdbt.o
c.ret PUBLIC  at 0x74F6 in text section  of Segment No. 1
	defined in:    sav.o(/opt/wsl/lib/z80/libm.z80)
	referenced in: itob.o(/opt/wsl/lib/z80/libi.z80) cscan.o(/opt/wsl/lib/z80/libi.z80) cprint.o(/opt/wsl/lib/z80/libi.z80)
	              printf.o(/opt/wsl/lib/z80/libi.z80)
c.sav PUBLIC  at 0x74DF in text section  of Segment No. 1
	defined in:    sav.o(/opt/wsl/lib/z80/libm.z80)
	referenced in: itob.o(/opt/wsl/lib/z80/libi.z80) cscan.o(/opt/wsl/lib/z80/libi.z80) cprint.o(/opt/wsl/lib/z80/libi.z80)
	              printf.o(/opt/wsl/lib/z80/libi.z80)
__data PUBLIC  at 0x8000 in data section  of Segment No. 2
	defined in:    Crtsrom.o
__itob PUBLIC  at 0x6C02 in text section  of Segment No. 1
	defined in:    itob.o(/opt/wsl/lib/z80/libi.z80)
	referenced in: cprint.o(/opt/wsl/lib/z80/libi.z80)
__ltob PUBLIC  at 0x6D1F in text section  of Segment No. 1
	defined in:    itob.o(/opt/wsl/lib/z80/libi.z80)
	referenced in: cprint.o(/opt/wsl/lib/z80/libi.z80)
__scan PUBLIC  at 0x6283 in text section  of Segment No. 1
	defined in:    cscan.o(/opt/wsl/lib/z80/libi.z80)
	referenced in: sscanf.o(/opt/wsl/lib/z80/libi.z80)
__text PUBLIC  at 0x0000 in text section  of Segment No. 1
	defined in:    Crtsrom.o
_cmd10 PUBLIC  at 0x03FA in text section  of Segment No. 1
	defined in:    z80sdbt.o
_cmd16 PUBLIC  at 0x0400 in text section  of Segment No. 1
	defined in:    z80sdbt.o
_cmd17 PUBLIC  at 0x0406 in text section  of Segment No. 1
	defined in:    z80sdbt.o
_cmd24 PUBLIC  at 0x040C in text section  of Segment No. 1
	defined in:    z80sdbt.o
_cmd55 PUBLIC  at 0x0412 in text section  of Segment No. 1
	defined in:    z80sdbt.o
_cmd58 PUBLIC  at 0x0418 in text section  of Segment No. 1
	defined in:    z80sdbt.o
_ledon PUBLIC  at 0x03B7 in text section  of Segment No. 1
	defined in:    z80cio.o
	referenced in: z80sdbt.o
_spiio PUBLIC  at 0x00CD in text section  of Segment No. 1
	defined in:    z80aio.o
	referenced in: z80sdbt.o
c.0mvf PUBLIC  at 0x6EF7 in text section  of Segment No. 1
	defined in:    fmvl.o(/opt/wsl/lib/z80/libm.z80)
	referenced in: itob.o(/opt/wsl/lib/z80/libi.z80) cscan.o(/opt/wsl/lib/z80/libi.z80) z80sdbt.o
c.1mvf PUBLIC  at 0x6EEA in text section  of Segment No. 1
	defined in:    fmvl.o(/opt/wsl/lib/z80/libm.z80)
c.fmvl PUBLIC  at 0x6EF1 in text section  of Segment No. 1
	defined in:    fmvl.o(/opt/wsl/lib/z80/libm.z80)
c.idiv PUBLIC  at 0x6F07 in text section  of Segment No. 1
	defined in:    idiv.o(/opt/wsl/lib/z80/libm.z80)
c.ilsh PUBLIC  at 0x6FA5 in text section  of Segment No. 1
	defined in:    ilsh.o(/opt/wsl/lib/z80/libm.z80)
	referenced in: z80sdbt.o
c.imod PUBLIC  at 0x6F2D in text section  of Segment No. 1
	defined in:    idiv.o(/opt/wsl/lib/z80/libm.z80)
c.imul PUBLIC  at 0x7014 in text section  of Segment No. 1
	defined in:    imulz80.o(/opt/wsl/lib/z80/libm.z80)
	referenced in: z80sdbt.o
c.irsh PUBLIC  at 0x6FC5 in text section  of Segment No. 1
	defined in:    ilsh.o(/opt/wsl/lib/z80/libm.z80)
	referenced in: z80sdbt.o
c.jtab PUBLIC  at 0x7043 in text section  of Segment No. 1
	defined in:    jtab.o(/opt/wsl/lib/z80/libm.z80)
	referenced in: cprint.o(/opt/wsl/lib/z80/libi.z80) z80sdbt.o
c.ladd PUBLIC  at 0x711E in text section  of Segment No. 1
	defined in:    ladd.o(/opt/wsl/lib/z80/libm.z80)
	referenced in: cscan.o(/opt/wsl/lib/z80/libi.z80) z80sdbt.o
c.land PUBLIC  at 0x7149 in text section  of Segment No. 1
	defined in:    land.o(/opt/wsl/lib/z80/libm.z80)
	referenced in: cscan.o(/opt/wsl/lib/z80/libi.z80)
c.lclt PUBLIC  at 0x716C in text section  of Segment No. 1
	defined in:    lclt.o(/opt/wsl/lib/z80/libm.z80)
	referenced in: cscan.o(/opt/wsl/lib/z80/libi.z80)
c.lcmp PUBLIC  at 0x7195 in text section  of Segment No. 1
	defined in:    lcmp.o(/opt/wsl/lib/z80/libm.z80)
	referenced in: cscan.o(/opt/wsl/lib/z80/libi.z80) z80sdbt.o
c.ldiv PUBLIC  at 0x71BF in text section  of Segment No. 1
	defined in:    ldiv.o(/opt/wsl/lib/z80/libm.z80)
c.llsh PUBLIC  at 0x7354 in text section  of Segment No. 1
	defined in:    llsh.o(/opt/wsl/lib/z80/libm.z80)
	referenced in: z80sdbt.o
c.lmod PUBLIC  at 0x71F8 in text section  of Segment No. 1
	defined in:    ldiv.o(/opt/wsl/lib/z80/libm.z80)
c.lmul PUBLIC  at 0x73E0 in text section  of Segment No. 1
	defined in:    lmulz80.o(/opt/wsl/lib/z80/libm.z80)
	referenced in: cscan.o(/opt/wsl/lib/z80/libi.z80) z80sdbt.o
c.lneg PUBLIC  at 0x7476 in text section  of Segment No. 1
	defined in:    lneg.o(/opt/wsl/lib/z80/libm.z80)
	referenced in: itob.o(/opt/wsl/lib/z80/libi.z80) cscan.o(/opt/wsl/lib/z80/libi.z80)
c.lret PUBLIC  at 0x755F in text section  of Segment No. 1
	defined in:    zret.o(/opt/wsl/lib/z80/libm.z80)
	referenced in: mvl.o(/opt/wsl/lib/z80/libm.z80) lsub.o(/opt/wsl/lib/z80/libm.z80) lmulz80.o(/opt/wsl/lib/z80/libm.z80)
	              llsh.o(/opt/wsl/lib/z80/libm.z80) ldiv.o(/opt/wsl/lib/z80/libm.z80) land.o(/opt/wsl/lib/z80/libm.z80)
	              ladd.o(/opt/wsl/lib/z80/libm.z80) imulz80.o(/opt/wsl/lib/z80/libm.z80) ilsh.o(/opt/wsl/lib/z80/libm.z80)
	              idiv.o(/opt/wsl/lib/z80/libm.z80)
c.lrsh PUBLIC  at 0x7382 in text section  of Segment No. 1
	defined in:    llsh.o(/opt/wsl/lib/z80/libm.z80)
c.lsub PUBLIC  at 0x7497 in text section  of Segment No. 1
	defined in:    lsub.o(/opt/wsl/lib/z80/libm.z80)
	referenced in: z80sdbt.o
c.rets PUBLIC  at 0x7519 in text section  of Segment No. 1
	defined in:    savs.o(/opt/wsl/lib/z80/libm.z80)
	referenced in: cscan.o(/opt/wsl/lib/z80/libi.z80) cprint.o(/opt/wsl/lib/z80/libi.z80) sscanf.o(/opt/wsl/lib/z80/libi.z80)
	              printf.o(/opt/wsl/lib/z80/libi.z80) z80sdbt.o z80cio.o
	              z80aio.o
c.savs PUBLIC  at 0x750B in text section  of Segment No. 1
	defined in:    savs.o(/opt/wsl/lib/z80/libm.z80)
	referenced in: cscan.o(/opt/wsl/lib/z80/libi.z80) cprint.o(/opt/wsl/lib/z80/libi.z80) sscanf.o(/opt/wsl/lib/z80/libi.z80)
	              printf.o(/opt/wsl/lib/z80/libi.z80) z80sdbt.o z80cio.o
	              z80aio.o
c.udiv PUBLIC  at 0x6F53 in text section  of Segment No. 1
	defined in:    idiv.o(/opt/wsl/lib/z80/libm.z80)
	referenced in: itob.o(/opt/wsl/lib/z80/libi.z80) z80sdbt.o
c.umod PUBLIC  at 0x6F5B in text section  of Segment No. 1
	defined in:    idiv.o(/opt/wsl/lib/z80/libm.z80)
	referenced in: itob.o(/opt/wsl/lib/z80/libi.z80) z80sdbt.o
c.ursh PUBLIC  at 0x6FE8 in text section  of Segment No. 1
	defined in:    ilsh.o(/opt/wsl/lib/z80/libm.z80)
	referenced in: z80sdbt.o
c.zret PUBLIC  at 0x756E in text section  of Segment No. 1
	defined in:    zret.o(/opt/wsl/lib/z80/libm.z80)
	referenced in: lcmp.o(/opt/wsl/lib/z80/libm.z80) lclt.o(/opt/wsl/lib/z80/libm.z80)
spinmi PUBLIC  at 0x0069 in text section  of Segment No. 1
	defined in:    z80aio.o
	referenced in: Crtsrom.o
__print PUBLIC  at 0x59B5 in text section  of Segment No. 1
	defined in:    cprint.o(/opt/wsl/lib/z80/libi.z80)
	referenced in: printf.o(/opt/wsl/lib/z80/libi.z80)
__toram PUBLIC  at 0x752F in text section  of Segment No. 1
	defined in:    toram.o(/opt/wsl/lib/z80/libm.z80)
	referenced in: Crtsrom.o
_acmd41 PUBLIC  at 0x041E in text section  of Segment No. 1
	defined in:    z80sdbt.o
_cidreg PUBLIC  at 0x8050 in bss  section  of Segment No. 3
	defined in:    z80sdbt.o
_csdreg PUBLIC  at 0x8040 in bss  section  of Segment No. 3
	defined in:    z80sdbt.o
_dskmap PUBLIC  at 0x826A in bss  section  of Segment No. 3
	defined in:    z80sdbt.o
_execin PUBLIC  at 0x469E in text section  of Segment No. 1
	defined in:    z80sdbt.o
_gptcpm PUBLIC  at 0x0424 in text section  of Segment No. 1
	defined in:    z80sdbt.o
_hwinit PUBLIC  at 0x015B in text section  of Segment No. 1
	defined in:    z80cio.o
	referenced in: Crtsrom.o
_jumpto PUBLIC  at 0x0110 in text section  of Segment No. 1
	defined in:    z80aio.o
	referenced in: z80sdbt.o
_ledoff PUBLIC  at 0x03C3 in text section  of Segment No. 1
	defined in:    z80cio.o
	referenced in: z80sdbt.o
_mbrcpm PUBLIC  at 0x0434 in text section  of Segment No. 1
	defined in:    z80sdbt.o
_memchr PUBLIC  at 0x6EAA in text section  of Segment No. 1
	defined in:    memchr.o(/opt/wsl/lib/z80/libi.z80)
	referenced in: cscan.o(/opt/wsl/lib/z80/libi.z80)
_memcmp PUBLIC  at 0x5681 in text section  of Segment No. 1
	defined in:    memcmp.o
	referenced in: z80sdbt.o
_memcpy PUBLIC  at 0x572A in text section  of Segment No. 1
	defined in:    memcpy.o(/opt/wsl/lib/z80/libi.z80)
	referenced in: z80sdbt.o
_memset PUBLIC  at 0x5742 in text section  of Segment No. 1
	defined in:    memset.o(/opt/wsl/lib/z80/libi.z80)
	referenced in: z80sdbt.o
_ocrreg PUBLIC  at 0x8060 in bss  section  of Segment No. 3
	defined in:    z80sdbt.o
_printf PUBLIC  at 0x56F1 in text section  of Segment No. 1
	defined in:    printf.o(/opt/wsl/lib/z80/libi.z80)
	referenced in: z80sdbt.o z80cio.o
_reload PUBLIC  at 0x0111 in text section  of Segment No. 1
	defined in:    z80aio.o
	referenced in: z80sdbt.o
_sdinit PUBLIC  at 0x09D9 in text section  of Segment No. 1
	defined in:    z80sdbt.o
_sdread PUBLIC  at 0x24B2 in text section  of Segment No. 1
	defined in:    z80sdbt.o
_sdver2 PUBLIC  at 0x8022 in bss  section  of Segment No. 3
	defined in:    z80sdbt.o
_sscanf PUBLIC  at 0x570C in text section  of Segment No. 1
	defined in:    sscanf.o(/opt/wsl/lib/z80/libi.z80)
	referenced in: z80sdbt.o
_strchr PUBLIC  at 0x6EBF in text section  of Segment No. 1
	defined in:    strchr.o(/opt/wsl/lib/z80/libi.z80)
	referenced in: cscan.o(/opt/wsl/lib/z80/libi.z80) cprint.o(/opt/wsl/lib/z80/libi.z80)
_strlen PUBLIC  at 0x6ED2 in text section  of Segment No. 1
	defined in:    strlen.o(/opt/wsl/lib/z80/libi.z80)
	referenced in: cprint.o(/opt/wsl/lib/z80/libi.z80)
_upload PUBLIC  at 0x5218 in text section  of Segment No. 1
	defined in:    z80upload.o
	referenced in: z80sdbt.o
c.rets0 PUBLIC  at 0x752A in text section  of Segment No. 1
	defined in:    savs0.o(/opt/wsl/lib/z80/libm.z80)
	referenced in: z80sdbt.o z80cio.o
c.savs0 PUBLIC  at 0x7520 in text section  of Segment No. 1
	defined in:    savs0.o(/opt/wsl/lib/z80/libm.z80)
	referenced in: z80sdbt.o z80cio.o
c.uldiv PUBLIC  at 0x7233 in text section  of Segment No. 1
	defined in:    ldiv.o(/opt/wsl/lib/z80/libm.z80)
	referenced in: itob.o(/opt/wsl/lib/z80/libi.z80) cscan.o(/opt/wsl/lib/z80/libi.z80)
c.ulmod PUBLIC  at 0x726F in text section  of Segment No. 1
	defined in:    ldiv.o(/opt/wsl/lib/z80/libm.z80)
	referenced in: itob.o(/opt/wsl/lib/z80/libi.z80)
c.ulrsh PUBLIC  at 0x73B1 in text section  of Segment No. 1
	defined in:    llsh.o(/opt/wsl/lib/z80/libm.z80)
	referenced in: z80sdbt.o
__memory PUBLIC  at 0x846A in bss  section  of Segment No. 3
	defined in:    command line
	referenced in: Crtsrom.o
_binsize PUBLIC  at 0x0003 in text section  of Segment No. 1
	defined in:    Crtsrom.o
	referenced in: z80sdbt.o
_blkmult PUBLIC  at 0x801E in bss  section  of Segment No. 3
	defined in:    z80sdbt.o
_dsksign PUBLIC  at 0x8266 in bss  section  of Segment No. 3
	defined in:    z80sdbt.o
_ebrnext PUBLIC  at 0x802A in bss  section  of Segment No. 3
	defined in:    z80sdbt.o
_ebrrecs PUBLIC  at 0x8030 in bss  section  of Segment No. 3
	defined in:    z80sdbt.o
_getchar PUBLIC  at 0x02DF in text section  of Segment No. 1
	defined in:    z80cio.o
	referenced in: cscan.o(/opt/wsl/lib/z80/libi.z80) z80sdbt.o
_isdigit PUBLIC  at 0x6E8E in text section  of Segment No. 1
	defined in:    isdig.o(/opt/wsl/lib/z80/libi.z80)
	referenced in: cscan.o(/opt/wsl/lib/z80/libi.z80) cprint.o(/opt/wsl/lib/z80/libi.z80)
_isspace PUBLIC  at 0x6E9A in text section  of Segment No. 1
	defined in:    isspac.o(/opt/wsl/lib/z80/libi.z80)
	referenced in: cscan.o(/opt/wsl/lib/z80/libi.z80)
_partdsk PUBLIC  at 0x8026 in bss  section  of Segment No. 3
	defined in:    z80sdbt.o
_prtguid PUBLIC  at 0x2D37 in text section  of Segment No. 1
	defined in:    z80sdbt.o
_putchar PUBLIC  at 0x02A7 in text section  of Segment No. 1
	defined in:    z80cio.o
	referenced in: printf.o(/opt/wsl/lib/z80/libi.z80) z80sdbt.o
_rampptr PUBLIC  at 0x8264 in bss  section  of Segment No. 3
	defined in:    z80sdbt.o
_sdprobe PUBLIC  at 0x13DA in text section  of Segment No. 1
	defined in:    z80sdbt.o
_sdrdbuf PUBLIC  at 0x8064 in bss  section  of Segment No. 3
	defined in:    z80sdbt.o
_sdwrite PUBLIC  at 0x286F in text section  of Segment No. 1
	defined in:    z80sdbt.o
_spiinit PUBLIC  at 0x00A2 in text section  of Segment No. 1
	defined in:    z80aio.o
_toupper PUBLIC  at 0x6EDD in text section  of Segment No. 1
	defined in:    toupper.o(/opt/wsl/lib/z80/libi.z80)
	referenced in: cprint.o(/opt/wsl/lib/z80/libi.z80)
_CRC7_one PUBLIC  at 0x0436 in text section  of Segment No. 1
	defined in:    z80sdbt.o
__romdata PUBLIC  at 0x7586 in text section  of Segment No. 1
	defined in:    command line
	referenced in: toram.o(/opt/wsl/lib/z80/libm.z80)
_binstart PUBLIC  at 0x0005 in text section  of Segment No. 1
	defined in:    Crtsrom.o
	referenced in: z80sdbt.o
_ctc_init PUBLIC  at 0x0177 in text section  of Segment No. 1
	defined in:    z80cio.o
_curblkno PUBLIC  at 0x801A in bss  section  of Segment No. 3
	defined in:    z80sdbt.o
_curblkok PUBLIC  at 0x8028 in bss  section  of Segment No. 3
	defined in:    z80sdbt.o
_getkline PUBLIC  at 0x02F0 in text section  of Segment No. 1
	defined in:    z80cio.o
	referenced in: z80sdbt.o
_pio_init PUBLIC  at 0x0264 in text section  of Segment No. 1
	defined in:    z80cio.o
_ramprobe PUBLIC  at 0x03E6 in text section  of Segment No. 1
	defined in:    z80sdbt.o
_sddatprt PUBLIC  at 0x2B5E in text section  of Segment No. 1
	defined in:    z80sdbt.o
_sdgpthdr PUBLIC  at 0x370D in text section  of Segment No. 1
	defined in:    z80sdbt.o
_sdinitok PUBLIC  at 0x8024 in bss  section  of Segment No. 3
	defined in:    z80sdbt.o
_sdprtreg PUBLIC  at 0x1AFC in text section  of Segment No. 1
	defined in:    z80sdbt.o
_sio_init PUBLIC  at 0x01B9 in text section  of Segment No. 1
	defined in:    z80cio.o
_CRC16_one PUBLIC  at 0x0498 in text section  of Segment No. 1
	defined in:    z80sdbt.o
_builddate PUBLIC  at 0x03CF in text section  of Segment No. 1
	defined in:    z80sdbt.o
_ebrrecidx PUBLIC  at 0x802E in bss  section  of Segment No. 3
	defined in:    z80sdbt.o
_mbrexcode PUBLIC  at 0x0435 in text section  of Segment No. 1
	defined in:    z80sdbt.o
_prtgptent PUBLIC  at 0x2F81 in text section  of Segment No. 1
	defined in:    z80sdbt.o
_sdcommand PUBLIC  at 0x0546 in text section  of Segment No. 1
	defined in:    z80sdbt.o
_sdmbrpart PUBLIC  at 0x4265 in text section  of Segment No. 1
	defined in:    z80sdbt.o
_sdtestflg PUBLIC  at 0x8018 in bss  section  of Segment No. 3
	defined in:    z80sdbt.o
_sioregini PUBLIC  at 0x01AF in text section  of Segment No. 1
	defined in:    z80cio.o
_spiselect PUBLIC  at 0x00BF in text section  of Segment No. 1
	defined in:    z80aio.o
	referenced in: z80sdbt.o
_sdmbrentry PUBLIC  at 0x3AB1 in text section  of Segment No. 1
	defined in:    z80sdbt.o
_spideselect PUBLIC  at 0x00C6 in text section  of Segment No. 1
	defined in:    z80aio.o
	referenced in: z80sdbt.o
_upload_size PUBLIC  at 0x567F in text section  of Segment No. 1
	defined in:    z80upload.o
	referenced in: z80sdbt.o
